// Jest Snapshot v1, https://goo.gl/fbAQLP

exports[`NavbarComponent should compile 1`] = `
<div
  id="root0"
  ng-version="5.0.0-rc.0"
>
  <nav
    class="mat-elevation-z6"
  >
    
  
    <a
      aria-disabled="false"
      class="nav-button mat-button"
      href="/"
      md-button=""
      ng-reflect-router-link=""
      routerlink=""
      tabindex="0"
    >
      <span
        class="mat-button-wrapper"
      >
        FUSEBOX-ANGULAR-UNIVERSAL-STARTER
      </span>
      <div
        class="mat-button-ripple mat-ripple"
        mat-ripple=""
        ng-reflect-_mat-ripple-centered="false"
        ng-reflect-_mat-ripple-disabled="false"
        ng-reflect-_mat-ripple-trigger="[object HTMLAnchorElement]"
      />
      <div
        class="mat-button-focus-overlay"
      />
    </a>
    
  
    <div
      class="flex-spacer"
    />
    


  
    <button
      aria-haspopup="true"
      class="mat-button"
      md-button=""
      ng-reflect-menu="[object Object]"
    >
      <span
        class="mat-button-wrapper"
      >
        Pages
      </span>
      <div
        class="mat-button-ripple mat-ripple"
        mat-ripple=""
        ng-reflect-_mat-ripple-centered="false"
        ng-reflect-_mat-ripple-disabled="false"
        ng-reflect-_mat-ripple-trigger="[object HTMLButtonElement]"
      />
      <div
        class="mat-button-focus-overlay"
      />
    </button>
    

  
    <md-menu>
      
    </md-menu>
    

  
    <md-menu>
      
    </md-menu>
    

  
    <md-menu>
      
    </md-menu>
    

  
    <a
      aria-disabled="false"
      class="nav-button mat-button"
      href="/api-docs"
      md-button=""
      tabindex="0"
    >
      <span
        class="mat-button-wrapper"
      >
        API
      </span>
      <div
        class="mat-button-ripple mat-ripple"
        mat-ripple=""
        ng-reflect-_mat-ripple-centered="false"
        ng-reflect-_mat-ripple-disabled="false"
        ng-reflect-_mat-ripple-trigger="[object HTMLAnchorElement]"
      />
      <div
        class="mat-button-focus-overlay"
      />
    </a>
    

  </nav>
</div>
`;
