// Jest Snapshot v1, https://goo.gl/fbAQLP

exports[`HomeComponent should compile 1`] = `
<pm-home>
  <header>
    
    
    <h1
      class="mat-h1"
    >
      FuseBox Angular Universal Starter
    </h1>
    
    
    <h2
      class="lead"
    >
      A blazing fast Angular Universal development framework
    </h2>
    
    
    <a
      angulartics2on="click"
      angularticsevent="ViewRepo"
      class="mat-raised-button"
      color="primary"
      href="https://github.com/patrickmichalina/fusebox-angular-universal-starter"
      md-raised-button=""
      role="button"
    >
      <span
        class="mat-button-wrapper"
      >
        <md-icon
          aria-hidden="true"
          class="fa fa-github"
        />
         Github
      </span>
      <div
        class="mat-button-ripple mat-ripple"
        mat-ripple=""
      />
      <div
        class="mat-button-focus-overlay"
      />
    </a>
    
  
  </header>
  <md-tab-group
    class="mat-tab-group mat-primary"
  >
    <mat-tab-header
      class="mat-tab-header"
    >
      <div
        aria-hidden="true"
        class="mat-tab-header-pagination mat-tab-header-pagination-before mat-elevation-z4 mat-ripple"
        mat-ripple=""
      >
        <div
          class="mat-tab-header-pagination-chevron"
        />
      </div>
      <div
        class="mat-tab-label-container"
      >
        <div
          class="mat-tab-list"
          role="tablist"
        >
          <div
            class="mat-tab-labels"
          >
            
          </div>
          <mat-ink-bar
            class="mat-ink-bar"
          />
        </div>
      </div>
      <div
        aria-hidden="true"
        class="mat-tab-header-pagination mat-tab-header-pagination-after mat-elevation-z4 mat-ripple"
        mat-ripple=""
      >
        <div
          class="mat-tab-header-pagination-chevron"
        />
      </div>
    </mat-tab-header>
    <div
      class="mat-tab-body-wrapper"
    >
      
    </div>
  </md-tab-group>
</pm-home>
`;
